eeschema (2013-07-07 BZR 4022)-stable  >> Creation date: 19/10/2018 21:52:28
#Cmp ( order = Reference )
| C1         150pF       
| C2         2.2uF       
| C3         10uF        
| C4         33nF        
| C5         10nF        
| C6         1nF         
| C7         22nF        
| C8         10nF        
| C9         150pF       
| C10        3n3         
| C11        150pF       
| C12        47pf        
| C13        100uF       
| C14        1000uF      
| C15        100uF       
| C16        100uF       
| C17        100uF       
| C18        47uF        
| C19        100nF       
| C20        100nF       
| C21        100nF       
| C22        100nF       
| C23        100nF       
| C24        100nF       
| C25        100nF       
| C26        100nF       
| C27        100nF       
| C28        100nF       
| C29        100nF       
| C30        100nF       
| C31        100nF       
| C32        100nF       
| C33        100nF       
| C34        100nF       
| C35        100nF       
| CON1       12v DC      
| D1         1N4148      
| D2         1N4148      
| D3         1N4148      
| D4         1N4148      
| D5         BAT43       
| D6         1N5402      
| D7         MBR350      
| J1         Video_Out   
| J2         180_DIN     
| L1         10uH        
| L2         120uH       
| L3         22uH        
| P1         EPROM       
| P2         Spkr        
| P3         I/O Pins    
| P4         Key Matrix  
| P5         Keys        
| P6         Expansion Connector
| P7         CONN_1      
| P8         CONN_1      
| P9         CONN_1      
| P10        CONN_1      
| P11        CONN_1      
| P12        CONN_1      
| Q1         2N3906      
| Q2         2N3904      
| R1         1k          
| R2         100R        
| R3         4k7         
| R4         4k7         
| R5         4k7         
| R6         47          
| R7         4k7         
| R8         470         
| R9         2k2         
| R10        220         
| R11        10k         
| R12        22k         
| R13        22k         
| R14        10k         
| R15        1k5         
| R16        1k5         
| R17        1k5         
| R18        10k         
| R19        5k6         
| R20        4k7         
| R21        6k8         
| R22        2k2         
| R23        10k         
| R24        120         
| R25        220         
| R26        470         
| R27        2k2         
| R28        10k         
| R29        2k2         
| R30        75          
| R31        10          
| RV1        5k          
| U1         MC6800      
| U2         2716        
| U3         6116        
| U4         6116        
| U5         74LS367     
| U6         74LS367     
| U7         CD4014      
| U8         MC6875      
| U9         MC6820      
| U10        74LS10      
| U11        74LS04      
| U12        74LS08      
| U13        CD4040      
| U14        74LS93      
| U15        74LS93      
| U16        74LS20      
| U17        74LS04      
| U18        74LS11      
| U19        74LS123     
| U20        7440        
| U21        74LS74      
| U22        74121       
| U23        LM741       
| U24        NE566       
| U25        74LS138     
| U26        LM2576-5.0  
| U27        LT1054      
| X1         4Mhz        
#End Cmp

#End List
